// Jest Snapshot v1, https://goo.gl/fbAQLP

exports[`<ImageLibraryList /> UI Component Rendering UI Renders Correctly 1`] = `
<React.Fragment>
  <WithStyles(GridList)
    cellHeight={240}
    className="image-library-list"
    cols={3}
  >
    <WithTheme(Grow)
      in={true}
      key="89"
      timeout={500}
    >
      <WithStyles(GridListTile)
        className="image-library-list__tile"
      >
        <img
          className="image-library-list__tile-img"
          src="https://infocron.s3.us-east-2.amazonaws.com/user-5/nc6DTVcBCpU3Vnew8QuoZkklwvN2uWukO8fPfrSg_thumb450.jpeg"
        />
        <WithStyles(GridListTileBar)
          actionIcon={
            <WithStyles(IconButton)
              onClick={undefined}
            >
              <pure(Delete)
                nativeColor="white"
              />
            </WithStyles(IconButton)>
          }
          title="tesla-cat"
        />
      </WithStyles(GridListTile)>
    </WithTheme(Grow)>
    <WithTheme(Grow)
      in={true}
      key="90"
      timeout={1000}
    >
      <WithStyles(GridListTile)
        className="image-library-list__tile"
      >
        <img
          className="image-library-list__tile-img"
          src="https://infocron.s3.us-east-2.amazonaws.com/user-5/nc6DTVcBCpU3Vnew8QuoZkklwvN2uWukO8fPfrSg_thumb450.jpeg"
        />
        <WithStyles(GridListTileBar)
          actionIcon={
            <WithStyles(IconButton)
              onClick={undefined}
            >
              <pure(Delete)
                nativeColor="white"
              />
            </WithStyles(IconButton)>
          }
          title="tesla-cat"
        />
      </WithStyles(GridListTile)>
    </WithTheme(Grow)>
    <WithTheme(Grow)
      in={true}
      key="91"
      timeout={1500}
    >
      <WithStyles(GridListTile)
        className="image-library-list__tile"
      >
        <img
          className="image-library-list__tile-img"
          src="https://infocron.s3.us-east-2.amazonaws.com/user-5/nc6DTVcBCpU3Vnew8QuoZkklwvN2uWukO8fPfrSg_thumb450.jpeg"
        />
        <WithStyles(GridListTileBar)
          actionIcon={
            <WithStyles(IconButton)
              onClick={undefined}
            >
              <pure(Delete)
                nativeColor="white"
              />
            </WithStyles(IconButton)>
          }
          title="tesla-cat"
        />
      </WithStyles(GridListTile)>
    </WithTheme(Grow)>
  </WithStyles(GridList)>
</React.Fragment>
`;
